Logging entry: {"cycleLength": "22", "date": "2025-03-10T21:32:19.276Z", "lastPeriod": 2025-02-28T21:31:00.000Z, "notes": "", "periodDuration": "7", "predictedNextOvulation": "2025-03-10T21:31:00.000Z", "predictedNextPeriod": "2025-03-22T21:31:00.000Z", "selectedSymptoms": []}



Parsed entries: [{"cycleLength": "15", "date": "2025-03-10T19:23:38.460Z", "lastPeriod": "2024-12-31T19:23:00.000Z", "notes": "", "predictedNextOvulation": "2025-01-01T19:23:00.000Z", "predictedNextPeriod": "2025-01-15T19:23:00.000Z", "selectedSymptoms": ["Mood Swings"]}, {"cycleLength": "28", "date": "2025-03-10T19:23:29.305Z", "lastPeriod": "2025-02-02T19:23:00.000Z", "notes": "", "predictedNextOvulation": "2025-02-16T19:23:00.000Z", "predictedNextPeriod": "2025-03-02T19:23:00.000Z", "selectedSymptoms": ["Headache", "Tender Breasts"]}, {"cycleLength": "22", "date": "2025-03-10T21:18:13.640Z", "lastPeriod": "2025-02-28T21:13:00.000Z", "notes": "", "periodDuration": "8", "predictedNextOvulation": "2025-03-10T21:13:00.000Z", "predictedNextPeriod": "2025-03-22T21:13:00.000Z", "selectedSymptoms": ["Tender Breasts"]}, {"cycleLength": "22", "date": "2025-03-10T21:32:19.276Z", "lastPeriod": "2025-02-28T21:31:00.000Z", "notes": "", "periodDuration": "7", "predictedNextOvulation": "2025-03-10T21:31:00.000Z", "predictedNextPeriod": "2025-03-22T21:31:00.000Z", "selectedSymptoms": []}]


Cycle Data updated: [{"date": 2025-03-10T21:32:19.276Z, "dateRange": "11 Mar - 23 Mar", "ovulationDay": -1, "x": 1, "y": 22}, {"date": 2025-03-10T21:18:13.640Z, "dateRange": "11 Mar - 23 Mar", "ovulationDay": -1, "x": 2, "y": 22}, {"date": 2025-03-10T19:23:38.460Z, "dateRange": "11 Mar - 16 Jan", "ovulationDay": -69, "x": 3, "y": 15}, {"date": 2025-03-10T19:23:29.305Z, "dateRange": "11 Mar - 3 Mar", "ovulationDay": -23, "x": 4, "y": 28}]